[test-data-bs/employee_data.txt, 2024-10-08] => [Employee{date=1982-10-08, lastName='Doe', firstName='John', email='john.doe@foobar.com'}, Employee{date=2000-10-08, lastName='Rossi', firstName='Mario', email='mario.rossi@foobar.com'}] 
[test-data-bs/employee_data.txt, 2024-10-09] => [] 
[test-data-bs/employee_data.txt, 2024-03-11] => [Employee{date=1975-03-11, lastName='Ann', firstName='Mary', email='mary.ann@foobar.com'}] 
